// Jest Snapshot v1, https://goo.gl/fbAQLP

exports[`<AlertContainer /> it should display Create Agent Alert form 1`] = `
Object {
  "asFragment": [Function],
  "baseElement": <body>
    <div>
      <div
        class="makeStyles-scrollContainer-1"
      >
        <div
          class="MuiGrid-root"
        >
          <form
            class="makeStyles-root-6"
            data-testid="create-agent-alert"
          >
            <h2
              class="makeStyles-titleLabel-7"
              data-testid="alert:agent alert title"
            >
              Create Agent Alert
            </h2>
            <p
              data-testid="alert:agent alert paragraph"
            >
              Agent Alerts are for passing 
              <span
                style="font-weight: bold;"
              >
                critical
              </span>
               customer or order information to the next agent(s).
            </p>
            <div
              class="MuiGrid-root MuiGrid-item MuiGrid-grid-xs-12"
            >
              <div
                class="MuiFormControl-root"
              >
                <label
                  class="MuiFormLabel-root MuiInputLabel-root makeStyles-inputLabel-8 MuiInputLabel-formControl MuiInputLabel-animated"
                  data-shrink="false"
                  id="agent-type"
                >
                  Alert Type
                </label>
                <div
                  class="MuiInputBase-root MuiOutlinedInput-root makeStyles-dropdown-9 MuiInputBase-formControl"
                  data-testid="add-alert-type"
                >
                  <div
                    aria-haspopup="listbox"
                    aria-labelledby="agent-type"
                    class="MuiSelect-root MuiSelect-select MuiSelect-selectMenu MuiSelect-outlined MuiInputBase-input MuiOutlinedInput-input"
                    role="button"
                    tabindex="0"
                  >
                    <span>
                      â€‹
                    </span>
                  </div>
                  <input
                    aria-hidden="true"
                    class="MuiSelect-nativeInput"
                    tabindex="-1"
                    value=""
                  />
                  <svg
                    aria-hidden="true"
                    class="MuiSvgIcon-root MuiSelect-icon MuiSelect-iconOutlined"
                    focusable="false"
                    viewBox="0 0 24 24"
                  >
                    <path
                      d="M7 10l5 5 5-5z"
                    />
                  </svg>
                  <fieldset
                    aria-hidden="true"
                    class="PrivateNotchedOutline-root-15 MuiOutlinedInput-notchedOutline"
                  >
                    <legend
                      class="PrivateNotchedOutline-legendLabelled-17"
                    >
                      <span>
                        Alert Type
                      </span>
                    </legend>
                  </fieldset>
                </div>
              </div>
            </div>
            <div
              class="MuiGrid-root MuiGrid-item"
            >
              <div
                class="MuiFormControl-root"
              >
                <div
                  class="MuiFormControl-root MuiTextField-root makeStyles-textField-10"
                  data-testid="add-alert-note"
                >
                  <label
                    class="MuiFormLabel-root MuiInputLabel-root MuiInputLabel-formControl MuiInputLabel-animated MuiInputLabel-outlined"
                    data-shrink="false"
                  >
                    Agent Alert
                  </label>
                  <div
                    class="MuiInputBase-root MuiOutlinedInput-root MuiInputBase-formControl MuiInputBase-multiline MuiOutlinedInput-multiline"
                  >
                    <textarea
                      aria-invalid="false"
                      class="MuiInputBase-input MuiOutlinedInput-input MuiInputBase-inputMultiline MuiOutlinedInput-inputMultiline"
                      maxlength="280"
                      rows="1"
                      style="height: 0px; overflow: hidden;"
                    />
                    <textarea
                      aria-hidden="true"
                      class="MuiInputBase-input MuiOutlinedInput-input MuiInputBase-inputMultiline MuiOutlinedInput-inputMultiline"
                      readonly=""
                      style="visibility: hidden; position: absolute; overflow: hidden; height: 0px; top: 0px; left: 0px; transform: translateZ(0); width: 100%;"
                      tabindex="-1"
                    />
                    <fieldset
                      aria-hidden="true"
                      class="PrivateNotchedOutline-root-15 MuiOutlinedInput-notchedOutline"
                    >
                      <legend
                        class="PrivateNotchedOutline-legendLabelled-17"
                      >
                        <span>
                          Agent Alert
                        </span>
                      </legend>
                    </fieldset>
                  </div>
                  <p
                    class="MuiFormHelperText-root MuiFormHelperText-contained"
                  >
                    <div
                      class="makeStyles-helperText-12"
                    >
                      <span>
                        Note: 2 alerts per agent maximum
                      </span>
                      <span>
                        0/280
                      </span>
                    </div>
                  </p>
                </div>
              </div>
            </div>
          </form>
          <div
            class="makeStyles-buttonGrid-11"
          >
            <button
              aria-label="Cancel"
              class="MuiButtonBase-root MuiButton-root makeStyles-root-5 MuiButton-text makeStyles-cancelButton-14"
              data-testid="add-agent-alert-cancel"
              tabindex="0"
              type="button"
            >
              <span
                class="MuiButton-label"
              >
                Cancel
              </span>
              <span
                class="MuiTouchRipple-root"
              />
            </button>
            <button
              aria-label="Save Alert"
              class="MuiButtonBase-root MuiButton-root makeStyles-root-5 MuiButton-text solid disabled makeStyles-submitButton-13 Mui-disabled Mui-disabled"
              data-testid="save-agent-alert"
              disabled=""
              tabindex="-1"
              type="submit"
            >
              <span
                class="MuiButton-label"
              >
                Save Alert
              </span>
            </button>
          </div>
        </div>
      </div>
    </div>
    <div />
  </body>,
  "container": <div />,
  "debug": [Function],
  "findAllByAltText": [Function],
  "findAllByDisplayValue": [Function],
  "findAllByLabelText": [Function],
  "findAllByPlaceholderText": [Function],
  "findAllByRole": [Function],
  "findAllByTestId": [Function],
  "findAllByText": [Function],
  "findAllByTitle": [Function],
  "findByAltText": [Function],
  "findByDisplayValue": [Function],
  "findByLabelText": [Function],
  "findByPlaceholderText": [Function],
  "findByRole": [Function],
  "findByTestId": [Function],
  "findByText": [Function],
  "findByTitle": [Function],
  "getAllByAltText": [Function],
  "getAllByDisplayValue": [Function],
  "getAllByLabelText": [Function],
  "getAllByPlaceholderText": [Function],
  "getAllByRole": [Function],
  "getAllByTestId": [Function],
  "getAllByText": [Function],
  "getAllByTitle": [Function],
  "getByAltText": [Function],
  "getByDisplayValue": [Function],
  "getByLabelText": [Function],
  "getByPlaceholderText": [Function],
  "getByRole": [Function],
  "getByTestId": [Function],
  "getByText": [Function],
  "getByTitle": [Function],
  "queryAllByAltText": [Function],
  "queryAllByDisplayValue": [Function],
  "queryAllByLabelText": [Function],
  "queryAllByPlaceholderText": [Function],
  "queryAllByRole": [Function],
  "queryAllByTestId": [Function],
  "queryAllByText": [Function],
  "queryAllByTitle": [Function],
  "queryByAltText": [Function],
  "queryByDisplayValue": [Function],
  "queryByLabelText": [Function],
  "queryByPlaceholderText": [Function],
  "queryByRole": [Function],
  "queryByTestId": [Function],
  "queryByText": [Function],
  "queryByTitle": [Function],
  "rerender": [Function],
  "unmount": [Function],
}
`;
