// Jest Snapshot v1, https://goo.gl/fbAQLP

exports[`<PromotionCodeHistory /> it should render the promotions history table 1`] = `
Object {
  "asFragment": [Function],
  "baseElement": <body>
    <div>
      <table
        class="[object Object]"
        data-testid="promotion-code-history-table"
      >
        <thead>
          <tr>
            <th>
              ID
            </th>
            <th>
              Name
            </th>
            <th>
              Order #
            </th>
          </tr>
        </thead>
        <tbody>
          <tr>
            <td>
              7972
            </td>
            <td>
              (2022-06) BLUE BOX Spend 100 Get 25 GC Targeted
            </td>
            <td>
              <a
                href="/customers/undefined/orders/1074580661"
              >
                1074580661
              </a>
            </td>
          </tr>
        </tbody>
      </table>
    </div>
  </body>,
  "container": <div>
    <table
      class="[object Object]"
      data-testid="promotion-code-history-table"
    >
      <thead>
        <tr>
          <th>
            ID
          </th>
          <th>
            Name
          </th>
          <th>
            Order #
          </th>
        </tr>
      </thead>
      <tbody>
        <tr>
          <td>
            7972
          </td>
          <td>
            (2022-06) BLUE BOX Spend 100 Get 25 GC Targeted
          </td>
          <td>
            <a
              href="/customers/undefined/orders/1074580661"
            >
              1074580661
            </a>
          </td>
        </tr>
      </tbody>
    </table>
  </div>,
  "debug": [Function],
  "findAllByAltText": [Function],
  "findAllByDisplayValue": [Function],
  "findAllByLabelText": [Function],
  "findAllByPlaceholderText": [Function],
  "findAllByRole": [Function],
  "findAllByTestId": [Function],
  "findAllByText": [Function],
  "findAllByTitle": [Function],
  "findByAltText": [Function],
  "findByDisplayValue": [Function],
  "findByLabelText": [Function],
  "findByPlaceholderText": [Function],
  "findByRole": [Function],
  "findByTestId": [Function],
  "findByText": [Function],
  "findByTitle": [Function],
  "getAllByAltText": [Function],
  "getAllByDisplayValue": [Function],
  "getAllByLabelText": [Function],
  "getAllByPlaceholderText": [Function],
  "getAllByRole": [Function],
  "getAllByTestId": [Function],
  "getAllByText": [Function],
  "getAllByTitle": [Function],
  "getByAltText": [Function],
  "getByDisplayValue": [Function],
  "getByLabelText": [Function],
  "getByPlaceholderText": [Function],
  "getByRole": [Function],
  "getByTestId": [Function],
  "getByText": [Function],
  "getByTitle": [Function],
  "queryAllByAltText": [Function],
  "queryAllByDisplayValue": [Function],
  "queryAllByLabelText": [Function],
  "queryAllByPlaceholderText": [Function],
  "queryAllByRole": [Function],
  "queryAllByTestId": [Function],
  "queryAllByText": [Function],
  "queryAllByTitle": [Function],
  "queryByAltText": [Function],
  "queryByDisplayValue": [Function],
  "queryByLabelText": [Function],
  "queryByPlaceholderText": [Function],
  "queryByRole": [Function],
  "queryByTestId": [Function],
  "queryByText": [Function],
  "queryByTitle": [Function],
  "rerender": [Function],
  "unmount": [Function],
}
`;
