// Jest Snapshot v1, https://goo.gl/fbAQLP

exports[`<RedeemedGiftCards /> it should render the redeemed gift cards table 1`] = `
Object {
  "asFragment": [Function],
  "baseElement": <body>
    <div>
      <table
        class="[object Object]"
        data-testid="redeemed-giftcards-table"
      >
        <thead>
          <tr>
            <th>
              Card #
            </th>
            <th>
              Redeemed On
            </th>
            <th>
              Purchaser
            </th>
            <th>
              Balance
            </th>
            <th>
              Status
            </th>
          </tr>
        </thead>
        <tbody>
          <tr>
            <td>
              XX7370
            </td>
            <td />
            <td>
              Madison Roche
            </td>
            <td>
              $100.00
               
              USD
            </td>
            <td>
              Inactive
            </td>
          </tr>
          <tr>
            <td>
              XX7470
            </td>
            <td />
            <td>
              tester
            </td>
            <td>
              $0.00
               
              USD
            </td>
            <td>
              Inactive
            </td>
          </tr>
          <tr>
            <td>
              XX2011
            </td>
            <td />
            <td>
              -
            </td>
            <td>
              $100.00
               
              USD
            </td>
            <td>
              Inactive
            </td>
          </tr>
        </tbody>
      </table>
    </div>
  </body>,
  "container": <div>
    <table
      class="[object Object]"
      data-testid="redeemed-giftcards-table"
    >
      <thead>
        <tr>
          <th>
            Card #
          </th>
          <th>
            Redeemed On
          </th>
          <th>
            Purchaser
          </th>
          <th>
            Balance
          </th>
          <th>
            Status
          </th>
        </tr>
      </thead>
      <tbody>
        <tr>
          <td>
            XX7370
          </td>
          <td />
          <td>
            Madison Roche
          </td>
          <td>
            $100.00
             
            USD
          </td>
          <td>
            Inactive
          </td>
        </tr>
        <tr>
          <td>
            XX7470
          </td>
          <td />
          <td>
            tester
          </td>
          <td>
            $0.00
             
            USD
          </td>
          <td>
            Inactive
          </td>
        </tr>
        <tr>
          <td>
            XX2011
          </td>
          <td />
          <td>
            -
          </td>
          <td>
            $100.00
             
            USD
          </td>
          <td>
            Inactive
          </td>
        </tr>
      </tbody>
    </table>
  </div>,
  "debug": [Function],
  "findAllByAltText": [Function],
  "findAllByDisplayValue": [Function],
  "findAllByLabelText": [Function],
  "findAllByPlaceholderText": [Function],
  "findAllByRole": [Function],
  "findAllByTestId": [Function],
  "findAllByText": [Function],
  "findAllByTitle": [Function],
  "findByAltText": [Function],
  "findByDisplayValue": [Function],
  "findByLabelText": [Function],
  "findByPlaceholderText": [Function],
  "findByRole": [Function],
  "findByTestId": [Function],
  "findByText": [Function],
  "findByTitle": [Function],
  "getAllByAltText": [Function],
  "getAllByDisplayValue": [Function],
  "getAllByLabelText": [Function],
  "getAllByPlaceholderText": [Function],
  "getAllByRole": [Function],
  "getAllByTestId": [Function],
  "getAllByText": [Function],
  "getAllByTitle": [Function],
  "getByAltText": [Function],
  "getByDisplayValue": [Function],
  "getByLabelText": [Function],
  "getByPlaceholderText": [Function],
  "getByRole": [Function],
  "getByTestId": [Function],
  "getByText": [Function],
  "getByTitle": [Function],
  "queryAllByAltText": [Function],
  "queryAllByDisplayValue": [Function],
  "queryAllByLabelText": [Function],
  "queryAllByPlaceholderText": [Function],
  "queryAllByRole": [Function],
  "queryAllByTestId": [Function],
  "queryAllByText": [Function],
  "queryAllByTitle": [Function],
  "queryByAltText": [Function],
  "queryByDisplayValue": [Function],
  "queryByLabelText": [Function],
  "queryByPlaceholderText": [Function],
  "queryByRole": [Function],
  "queryByTestId": [Function],
  "queryByText": [Function],
  "queryByTitle": [Function],
  "rerender": [Function],
  "unmount": [Function],
}
`;
