// Jest Snapshot v1, https://goo.gl/fbAQLP

exports[`<ReturnTypeDetails /> it should render children 1`] = `
Object {
  "asFragment": [Function],
  "baseElement": <body>
    <div>
      <div
        class="makeStyles-root-1"
        data-testid="returnTypeContainer"
      >
        <div
          class="makeStyles-returnDetailsTitle-2"
        >
          Return ID
        </div>
        <span
          class="makeStyles-returnDetailsValueTitle-3"
        />
        <div
          class="makeStyles-returnDetailsTitle-2"
        >
          Return Type
        </div>
        <span
          class="makeStyles-returnDetailsValueTitle-3"
        />
        <div
          class="makeStyles-returnStatusDetailsTitle-4"
        >
          Payment Method
        </div>
        <span
          class="makeStyles-returnStatusDetailsValueTitle-5"
          data-testid="return:undefined"
        />
      </div>
    </div>
  </body>,
  "container": <div>
    <div
      class="makeStyles-root-1"
      data-testid="returnTypeContainer"
    >
      <div
        class="makeStyles-returnDetailsTitle-2"
      >
        Return ID
      </div>
      <span
        class="makeStyles-returnDetailsValueTitle-3"
      />
      <div
        class="makeStyles-returnDetailsTitle-2"
      >
        Return Type
      </div>
      <span
        class="makeStyles-returnDetailsValueTitle-3"
      />
      <div
        class="makeStyles-returnStatusDetailsTitle-4"
      >
        Payment Method
      </div>
      <span
        class="makeStyles-returnStatusDetailsValueTitle-5"
        data-testid="return:undefined"
      />
    </div>
  </div>,
  "debug": [Function],
  "findAllByAltText": [Function],
  "findAllByDisplayValue": [Function],
  "findAllByLabelText": [Function],
  "findAllByPlaceholderText": [Function],
  "findAllByRole": [Function],
  "findAllByTestId": [Function],
  "findAllByText": [Function],
  "findAllByTitle": [Function],
  "findByAltText": [Function],
  "findByDisplayValue": [Function],
  "findByLabelText": [Function],
  "findByPlaceholderText": [Function],
  "findByRole": [Function],
  "findByTestId": [Function],
  "findByText": [Function],
  "findByTitle": [Function],
  "getAllByAltText": [Function],
  "getAllByDisplayValue": [Function],
  "getAllByLabelText": [Function],
  "getAllByPlaceholderText": [Function],
  "getAllByRole": [Function],
  "getAllByTestId": [Function],
  "getAllByText": [Function],
  "getAllByTitle": [Function],
  "getByAltText": [Function],
  "getByDisplayValue": [Function],
  "getByLabelText": [Function],
  "getByPlaceholderText": [Function],
  "getByRole": [Function],
  "getByTestId": [Function],
  "getByText": [Function],
  "getByTitle": [Function],
  "queryAllByAltText": [Function],
  "queryAllByDisplayValue": [Function],
  "queryAllByLabelText": [Function],
  "queryAllByPlaceholderText": [Function],
  "queryAllByRole": [Function],
  "queryAllByTestId": [Function],
  "queryAllByText": [Function],
  "queryAllByTitle": [Function],
  "queryByAltText": [Function],
  "queryByDisplayValue": [Function],
  "queryByLabelText": [Function],
  "queryByPlaceholderText": [Function],
  "queryByRole": [Function],
  "queryByTestId": [Function],
  "queryByText": [Function],
  "queryByTitle": [Function],
  "rerender": [Function],
  "unmount": [Function],
}
`;
