// Jest Snapshot v1, https://goo.gl/fbAQLP

exports[`<CustomerInformation /> it should render the customer information 1`] = `
Object {
  "asFragment": [Function],
  "baseElement": <body>
    <div>
      <form
        autocomplete="off"
        class="makeStyles-formContainer-1"
        data-testid="customer-sidebar:form"
      >
        <span
          class="makeStyles-headerSpan-3"
        >
          <h2
            class="MuiTypography-root makeStyles-heading-2 MuiTypography-h2"
          >
            Customer Details
          </h2>
          <span
            aria-label="edit customer information"
            class="MuiTypography-root MuiTypography-text MuiLink-root MuiLink-underlineHover makeStyles-link-5 css-1ifudzl-MuiTypography-root-MuiLink-root"
            data-testid="edit-customer-info"
          >
            Edit
          </span>
        </span>
        <div
          class="makeStyles-root-10"
        >
          <span>
            <label
              class="MuiFormLabel-root makeStyles-label-11"
              data-testid="customer:cid:label"
            >
              CID:
            </label>
          </span>
          <span>
            <label
              class="MuiFormLabel-root makeStyles-value-12 makeStyles-value-17"
            >
              <span
                class="makeStyles-valueText-13"
                data-testid="customer:cid:value"
              >
                148824357
              </span>
              <span
                class="makeStyles-copiedSpan-14"
                hidden=""
              >
                <span>
                  <span />
                </span>
                <span
                  class="makeStyles-copiedText-16"
                  data-testid="customer:cid:copied"
                  hidden=""
                >
                  COPIED
                </span>
              </span>
            </label>
          </span>
        </div>
        <div
          class="makeStyles-root-10"
        >
          <span>
            <label
              class="MuiFormLabel-root makeStyles-label-11"
              data-testid="customer:status:label"
            >
              Status:
            </label>
          </span>
          <span>
            <label
              class="MuiFormLabel-root makeStyles-value-12 makeStyles-value-18"
            >
              <span
                class="makeStyles-valueText-13"
                data-testid="customer:status:value"
              />
              <span
                class="makeStyles-copiedSpan-14"
                hidden=""
              >
                <span>
                  <span />
                </span>
                <span
                  class="makeStyles-copiedText-16"
                  data-testid="customer:status:copied"
                  hidden=""
                >
                  COPIED
                </span>
              </span>
            </label>
          </span>
        </div>
        <div
          class="makeStyles-root-10"
        >
          <span>
            <label
              class="MuiFormLabel-root makeStyles-label-11"
              data-testid="customer:email:label"
            >
              Email:
            </label>
          </span>
          <span>
            <label
              class="MuiFormLabel-root makeStyles-value-12 makeStyles-value-19"
            >
              <span
                class="makeStyles-valueText-13"
                data-testid="customer:email:value"
              >
                nbobbins@chewy.net
              </span>
              <span
                class="makeStyles-copiedSpan-14"
                hidden=""
              >
                <span>
                  <span />
                </span>
                <span
                  class="makeStyles-copiedText-16"
                  data-testid="customer:email:copied"
                  hidden=""
                >
                  COPIED
                </span>
              </span>
            </label>
          </span>
        </div>
        <div
          class="makeStyles-root-10"
        >
          <span>
            <label
              class="MuiFormLabel-root makeStyles-label-11"
              data-testid="customer:phoneNumber:label"
            >
              Phone:
            </label>
          </span>
          <span>
            <label
              class="MuiFormLabel-root makeStyles-value-12 makeStyles-value-20"
            >
              <span
                class="makeStyles-valueText-13"
                data-testid="customer:phoneNumber:value"
              >
                (555)456-3320
              </span>
              <span
                class="makeStyles-copiedSpan-14"
                hidden=""
              >
                <span>
                  <span />
                </span>
                <span
                  class="makeStyles-copiedText-16"
                  data-testid="customer:phoneNumber:copied"
                  hidden=""
                >
                  COPIED
                </span>
              </span>
            </label>
          </span>
        </div>
        <div
          class="makeStyles-root-10"
        >
          <span>
            <label
              class="MuiFormLabel-root makeStyles-label-11"
              data-testid="customer:location:label"
            >
              Location:
            </label>
          </span>
          <span>
            <label
              class="MuiFormLabel-root makeStyles-value-12 makeStyles-value-21"
            >
              <span
                class="makeStyles-valueText-13"
                data-testid="customer:location:value"
              >
                Hollywood, FL
              </span>
              <span
                class="makeStyles-copiedSpan-14"
                hidden=""
              >
                <span>
                  <span />
                </span>
                <span
                  class="makeStyles-copiedText-16"
                  data-testid="customer:location:copied"
                  hidden=""
                >
                  COPIED
                </span>
              </span>
            </label>
          </span>
        </div>
        <button
          class="MuiButtonBase-root MuiButton-root MuiButton-text makeStyles-resetPasswordLink-6"
          data-testid="reset-password-link"
          tabindex="0"
          type="button"
        >
          <span
            class="MuiButton-label"
          >
            Reset Password
          </span>
          <span
            class="MuiTouchRipple-root"
          />
        </button>
        <button
          class="MuiButtonBase-root MuiButton-root MuiButton-text makeStyles-resetPasswordLink-6"
          data-testid="customer-addressbook-icon"
          tabindex="0"
          type="button"
        >
          <span
            class="MuiButton-label"
          >
            Address Book
          </span>
          <span
            class="MuiTouchRipple-root"
          />
        </button>
        <button
          class="MuiButtonBase-root MuiButton-root MuiButton-text makeStyles-giftCardLink-7"
          data-testid="gift-cards-and-promotions-link"
          tabindex="0"
          type="button"
        >
          <span
            class="MuiButton-label"
          >
            Gift Cards & Promotions
          </span>
          <span
            class="MuiTouchRipple-root"
          />
        </button>
      </form>
    </div>
  </body>,
  "container": <div>
    <form
      autocomplete="off"
      class="makeStyles-formContainer-1"
      data-testid="customer-sidebar:form"
    >
      <span
        class="makeStyles-headerSpan-3"
      >
        <h2
          class="MuiTypography-root makeStyles-heading-2 MuiTypography-h2"
        >
          Customer Details
        </h2>
        <span
          aria-label="edit customer information"
          class="MuiTypography-root MuiTypography-text MuiLink-root MuiLink-underlineHover makeStyles-link-5 css-1ifudzl-MuiTypography-root-MuiLink-root"
          data-testid="edit-customer-info"
        >
          Edit
        </span>
      </span>
      <div
        class="makeStyles-root-10"
      >
        <span>
          <label
            class="MuiFormLabel-root makeStyles-label-11"
            data-testid="customer:cid:label"
          >
            CID:
          </label>
        </span>
        <span>
          <label
            class="MuiFormLabel-root makeStyles-value-12 makeStyles-value-17"
          >
            <span
              class="makeStyles-valueText-13"
              data-testid="customer:cid:value"
            >
              148824357
            </span>
            <span
              class="makeStyles-copiedSpan-14"
              hidden=""
            >
              <span>
                <span />
              </span>
              <span
                class="makeStyles-copiedText-16"
                data-testid="customer:cid:copied"
                hidden=""
              >
                COPIED
              </span>
            </span>
          </label>
        </span>
      </div>
      <div
        class="makeStyles-root-10"
      >
        <span>
          <label
            class="MuiFormLabel-root makeStyles-label-11"
            data-testid="customer:status:label"
          >
            Status:
          </label>
        </span>
        <span>
          <label
            class="MuiFormLabel-root makeStyles-value-12 makeStyles-value-18"
          >
            <span
              class="makeStyles-valueText-13"
              data-testid="customer:status:value"
            />
            <span
              class="makeStyles-copiedSpan-14"
              hidden=""
            >
              <span>
                <span />
              </span>
              <span
                class="makeStyles-copiedText-16"
                data-testid="customer:status:copied"
                hidden=""
              >
                COPIED
              </span>
            </span>
          </label>
        </span>
      </div>
      <div
        class="makeStyles-root-10"
      >
        <span>
          <label
            class="MuiFormLabel-root makeStyles-label-11"
            data-testid="customer:email:label"
          >
            Email:
          </label>
        </span>
        <span>
          <label
            class="MuiFormLabel-root makeStyles-value-12 makeStyles-value-19"
          >
            <span
              class="makeStyles-valueText-13"
              data-testid="customer:email:value"
            >
              nbobbins@chewy.net
            </span>
            <span
              class="makeStyles-copiedSpan-14"
              hidden=""
            >
              <span>
                <span />
              </span>
              <span
                class="makeStyles-copiedText-16"
                data-testid="customer:email:copied"
                hidden=""
              >
                COPIED
              </span>
            </span>
          </label>
        </span>
      </div>
      <div
        class="makeStyles-root-10"
      >
        <span>
          <label
            class="MuiFormLabel-root makeStyles-label-11"
            data-testid="customer:phoneNumber:label"
          >
            Phone:
          </label>
        </span>
        <span>
          <label
            class="MuiFormLabel-root makeStyles-value-12 makeStyles-value-20"
          >
            <span
              class="makeStyles-valueText-13"
              data-testid="customer:phoneNumber:value"
            >
              (555)456-3320
            </span>
            <span
              class="makeStyles-copiedSpan-14"
              hidden=""
            >
              <span>
                <span />
              </span>
              <span
                class="makeStyles-copiedText-16"
                data-testid="customer:phoneNumber:copied"
                hidden=""
              >
                COPIED
              </span>
            </span>
          </label>
        </span>
      </div>
      <div
        class="makeStyles-root-10"
      >
        <span>
          <label
            class="MuiFormLabel-root makeStyles-label-11"
            data-testid="customer:location:label"
          >
            Location:
          </label>
        </span>
        <span>
          <label
            class="MuiFormLabel-root makeStyles-value-12 makeStyles-value-21"
          >
            <span
              class="makeStyles-valueText-13"
              data-testid="customer:location:value"
            >
              Hollywood, FL
            </span>
            <span
              class="makeStyles-copiedSpan-14"
              hidden=""
            >
              <span>
                <span />
              </span>
              <span
                class="makeStyles-copiedText-16"
                data-testid="customer:location:copied"
                hidden=""
              >
                COPIED
              </span>
            </span>
          </label>
        </span>
      </div>
      <button
        class="MuiButtonBase-root MuiButton-root MuiButton-text makeStyles-resetPasswordLink-6"
        data-testid="reset-password-link"
        tabindex="0"
        type="button"
      >
        <span
          class="MuiButton-label"
        >
          Reset Password
        </span>
        <span
          class="MuiTouchRipple-root"
        />
      </button>
      <button
        class="MuiButtonBase-root MuiButton-root MuiButton-text makeStyles-resetPasswordLink-6"
        data-testid="customer-addressbook-icon"
        tabindex="0"
        type="button"
      >
        <span
          class="MuiButton-label"
        >
          Address Book
        </span>
        <span
          class="MuiTouchRipple-root"
        />
      </button>
      <button
        class="MuiButtonBase-root MuiButton-root MuiButton-text makeStyles-giftCardLink-7"
        data-testid="gift-cards-and-promotions-link"
        tabindex="0"
        type="button"
      >
        <span
          class="MuiButton-label"
        >
          Gift Cards & Promotions
        </span>
        <span
          class="MuiTouchRipple-root"
        />
      </button>
    </form>
  </div>,
  "debug": [Function],
  "findAllByAltText": [Function],
  "findAllByDisplayValue": [Function],
  "findAllByLabelText": [Function],
  "findAllByPlaceholderText": [Function],
  "findAllByRole": [Function],
  "findAllByTestId": [Function],
  "findAllByText": [Function],
  "findAllByTitle": [Function],
  "findByAltText": [Function],
  "findByDisplayValue": [Function],
  "findByLabelText": [Function],
  "findByPlaceholderText": [Function],
  "findByRole": [Function],
  "findByTestId": [Function],
  "findByText": [Function],
  "findByTitle": [Function],
  "getAllByAltText": [Function],
  "getAllByDisplayValue": [Function],
  "getAllByLabelText": [Function],
  "getAllByPlaceholderText": [Function],
  "getAllByRole": [Function],
  "getAllByTestId": [Function],
  "getAllByText": [Function],
  "getAllByTitle": [Function],
  "getByAltText": [Function],
  "getByDisplayValue": [Function],
  "getByLabelText": [Function],
  "getByPlaceholderText": [Function],
  "getByRole": [Function],
  "getByTestId": [Function],
  "getByText": [Function],
  "getByTitle": [Function],
  "queryAllByAltText": [Function],
  "queryAllByDisplayValue": [Function],
  "queryAllByLabelText": [Function],
  "queryAllByPlaceholderText": [Function],
  "queryAllByRole": [Function],
  "queryAllByTestId": [Function],
  "queryAllByText": [Function],
  "queryAllByTitle": [Function],
  "queryByAltText": [Function],
  "queryByDisplayValue": [Function],
  "queryByLabelText": [Function],
  "queryByPlaceholderText": [Function],
  "queryByRole": [Function],
  "queryByTestId": [Function],
  "queryByText": [Function],
  "queryByTitle": [Function],
  "rerender": [Function],
  "unmount": [Function],
}
`;
